2026-07-05 07:31:38,595 [INFO] main: [fed] 已推播：Federal Reserve issues FOMC statement
2026-07-05 07:31:39,250 [INFO] main: [fed] 已推播：Federal Reserve Board and Federal Open M
2026-07-05 07:31:39,872 [INFO] main: [fed] 已推播：Federal Reserve issues FOMC statement
2026-07-05 07:31:40,514 [INFO] main: [fed] 已推播：Federal Reserve issues FOMC statement
2026-07-05 07:31:41,284 [INFO] main: [fed] 已推播：Federal Reserve Board and Federal Open M
2026-07-05 07:31:41,830 [INFO] main: [fed] 已推播：Federal Reserve issues FOMC statement
2026-07-05 07:31:42,447 [INFO] main: [fed] 已推播：Federal Open Market Committee reaffirms 
2026-07-05 07:31:42,448 [INFO] main: [fed] 完成，共 7 則新項目，推播 7 則
2026-07-05 07:31:42,448 [INFO] main: [fed] [WHY] 首次上線前的真實推播驗證 [HOW] python main.py --source fed 結果：成功推播 7 則新項目
2026-07-05 07:32:32,191 [INFO] main: [cbc] 已推播：115年7月364天期定期存單開標結果
2026-07-05 07:32:32,906 [INFO] main: [cbc] 已推播：115年5月銀行衍生性金融商品交易量統計
2026-07-05 07:32:33,465 [INFO] main: [cbc] 已推播：115年3月底本國銀行國家風險統計
2026-07-05 07:32:34,077 [INFO] main: [cbc] 已推播：115年5月全體金融機構流動準備計提情形
2026-07-05 07:32:34,808 [INFO] main: [cbc] 已推播：中央銀行重要人事異動
2026-07-05 07:32:37,097 [INFO] main: [cbc] 完成，共 500 則新項目，推播 5 則
2026-07-05 07:32:37,098 [INFO] main: [cbc] 首次執行：已存檔 495 筆歷史資料，僅推播最新 5 筆供驗證
2026-07-05 07:32:37,098 [INFO] main: [cbc] [WHY] 首次上線前的真實推播驗證 [HOW] python main.py --source cbc 結果：首次執行，已存檔495筆歷史資料，僅推播最新5筆供驗證
2026-07-05 07:33:14,260 [INFO] main: [tsmc] 已推播：TSMC May 2026 Revenue Report
2026-07-05 07:33:14,844 [INFO] main: [tsmc] 已推播：TSMC Shareholders’ Meeting Resolutions
2026-07-05 07:33:15,345 [INFO] main: [tsmc] 已推播：TSMC to Sell 8.1% of Vanguard Internatio
2026-07-05 07:33:16,299 [INFO] main: [tsmc] 已推播：TSMC Board of Directors Meeting Resoluti
2026-07-05 07:33:16,835 [INFO] main: [tsmc] 已推播：Sony Semiconductor Solutions and TSMC En
2026-07-05 07:33:17,348 [INFO] main: [tsmc] 已推播：TSMC April 2026 Revenue Report
2026-07-05 07:33:17,987 [INFO] main: [tsmc] 已推播：TSMC Debuts A13 Technology at 2026 North
2026-07-05 07:33:18,589 [INFO] main: [tsmc] 已推播：TSMC Files Annual Report on Form 20-F fo
2026-07-05 07:33:19,253 [INFO] main: [tsmc] 已推播：TSMC Reports First Quarter EPS of NT$22.
2026-07-05 07:33:19,863 [INFO] main: [tsmc] 已推播：TSMC March 2026 Revenue Report
2026-07-05 07:33:20,439 [INFO] main: [tsmc] 已推播：TSMC February 2026 Revenue Report
2026-07-05 07:33:20,439 [INFO] main: [tsmc] 完成，共 11 則新項目，推播 11 則
2026-07-05 07:33:20,439 [INFO] main: [tsmc] [WHY] 首次上線前的真實推播驗證 [HOW] python main.py --source tsmc 結果：成功推播 11 則新項目
2026-07-05 07:33:36,096 [WARNING] main: [etf0050] 尚未實作：etf0050 頁面為前端 JS 動態渲染（curl 已確認無 <table>），requests+BeautifulSoup 抓不到資料。需要 Playwright 才能解決，屬架構升級，待核准。見 README 已知限制。
2026-07-05 07:33:36,096 [INFO] main: [etf0050] [WHY] 首次上線前的真實推播驗證 [HOW] python main.py --source etf0050 結果：尚未實作，未發送任何訊息（etf0050 頁面為前端 JS 動態渲染（curl 已確認無 <table>），requests+BeautifulSoup 抓不到資料。需要 Playwright 才能解決，屬架構升級，待核准。見 README 已知限制。）
2026-07-05 07:34:14,858 [INFO] main: [fed] 完成，共 0 則新項目，推播 0 則
2026-07-05 07:34:14,859 [INFO] main: [fed] [WHY] 首次上線前的真實推播驗證 [HOW] python main.py --source fed 結果：無新資料（去重生效）
2026-07-05 07:34:18,688 [INFO] main: [cbc] 完成，共 0 則新項目，推播 0 則
2026-07-05 07:34:18,688 [INFO] main: [cbc] [WHY] 首次上線前的真實推播驗證 [HOW] python main.py --source cbc 結果：無新資料（去重生效）
2026-07-05 07:34:19,806 [INFO] main: [tsmc] 完成，共 0 則新項目，推播 0 則
2026-07-05 07:34:19,806 [INFO] main: [tsmc] [WHY] 首次上線前的真實推播驗證 [HOW] python main.py --source tsmc 結果：無新資料（去重生效）
