⏳ waiting for Discord bot to become ready...
🟢 BOT READY = MyScholarshipBot#8752
✅ Discord bot ready
🧪 crawl running (once)...
📦 crawl finished: 0 qualifying item(s)
no new results
⏳ waiting for Discord bot to become ready...
🟢 BOT READY = MyScholarshipBot#8752
✅ Discord bot ready
🧪 crawl running (once)...
📦 crawl finished: 0 qualifying item(s)
no new results
⏳ waiting for Discord bot to become ready...
🟢 BOT READY = MyScholarshipBot#8752
✅ Discord bot ready
🧪 crawl running (once)...
📦 crawl finished: 0 qualifying item(s)
no new results
⏳ waiting for Discord bot to become ready...
🟢 BOT READY = MyScholarshipBot#8752
✅ Discord bot ready
🧪 crawl running (once)...
📦 crawl finished: 0 qualifying item(s)
no new results
⏳ waiting for Discord bot to become ready...
🟢 BOT READY = MyScholarshipBot#8752
✅ Discord bot ready
🧪 crawl running (once)...
📦 crawl finished: 16 qualifying item(s)
⏳ waiting for Discord bot to become ready...
🟢 BOT READY = MyScholarshipBot#8752
✅ Discord bot ready
🧪 crawl running (once)...
📦 crawl finished: 0 qualifying item(s)
no new results
